src/components/shelf/ShelfScene.tsx:190:5: warning react(immutability): This value cannot be modified help: Modifying a value returned from a hook is not allowed. Consider moving the modification into the hook where the value is constructed
src/components/shelf/ShelfScene.tsx:190:5: warning react(immutability): Cannot modify local variables after render completes help: This argument is a function which may reassign or mutate `camera` after render, which can cause inconsistent behavior on subsequent renders. Consider using state instead
src/components/shelf/ShelfScene.tsx:204:5: warning react(immutability): This value cannot be modified help: Modifying a value returned from a hook is not allowed. Consider moving the modification into the hook where the value is constructed
Checking formatting...
All matched files use Prettier code style!
=== BUILD
dist/assets/index-CjOpVn0a.js                               190.37 kB │ gzip:  60.72 kB
dist/assets/ShelfScene-BfYwwtjI.js                          920.45 kB │ gzip: 244.39 kB

✓ built in 213ms
=== E2E

      52 |   // il resto del giro vale identico su entrambe le impaginazioni
      53 |   const indietro = page.getByRole('button', { name: 'Pagina precedente', exact: true })
    > 54 |   while (await indietro.isEnabled()) await indietro.click()
         |                         ^
      55 |
      56 |   // nessuna scrollbar dentro la carta, mai
      57 |   const overflow = await page
        at /Users/s.riva/Progetti/quaderno/e2e/flusso-completo.spec.ts:54:25

    Error Context: test-results/flusso-completo-crea-scrivi-disegna-ricarica-riapri-mobile/error-context.md

  1 failed
    [mobile] › e2e/flusso-completo.spec.ts:20:1 › crea, scrivi, disegna, ricarica, riapri ──────────
  29 passed (36.6s)
